// Jest Snapshot v1, https://goo.gl/fbAQLP

exports[`codegen element 1`] = `
"const { createElementVnode: _createElementVnode } = Vue
return function render(_ctx, _cache) {return _createElementVnode('div', null, 'Hi, ' + _toDisplayString(message)}"
`;

exports[`codegen interpolation 1`] = `
"const { toDisplayString: _toDisplayString } = Vue
return function render(_ctx, _cache) {return _toDisplayString(_ctx.message)}"
`;

exports[`codegen text 1`] = `
"
return function render(_ctx, _cache) {return '1234'}"
`;
